---
http_interactions:
- request:
    method: get
    uri: https://tuf-repo-cdn.sigstore.dev/10.root.json
    body:
      encoding: US-ASCII
      string: ''
    headers:
      Accept-Encoding:
      - gzip;q=1.0,deflate;q=0.6,identity;q=0.3
      Accept:
      - "*/*"
      User-Agent:
      - Ruby
      Host:
      - tuf-repo-cdn.sigstore.dev
  response:
    status:
      code: 404
      message: Not Found
    headers:
      Content-Length:
      - '127'
      X-Guploader-Uploadid:
      - ABPtcPpXB08AvDl3Du22WBnInJyTOdNMBdO7nmMs-5pCx-i_Mzrm6a2uBrTyJKu-096aPHK8t4U-XDpckg
      Server:
      - UploadServer
      Via:
      - 1.1 google
      Date:
      - Thu, 25 Apr 2024 23:30:13 GMT
      Cache-Control:
      - public,max-age=120
      Content-Type:
      - application/xml; charset=UTF-8
      Age:
      - '62'
      Alt-Svc:
      - h3=":443"; ma=2592000,h3-29=":443"; ma=2592000
    body:
      encoding: UTF-8
      string: "<?xml version='1.0' encoding='UTF-8'?><Error><Code>NoSuchKey</Code><Message>The
        specified key does not exist.</Message></Error>"
  recorded_at: Thu, 25 Apr 2024 23:31:15 GMT
- request:
    method: get
    uri: https://tuf-repo-cdn.sigstore.dev/timestamp.json
    body:
      encoding: US-ASCII
      string: ''
    headers:
      Accept-Encoding:
      - gzip;q=1.0,deflate;q=0.6,identity;q=0.3
      Accept:
      - "*/*"
      User-Agent:
      - Ruby
      Host:
      - tuf-repo-cdn.sigstore.dev
  response:
    status:
      code: 200
      message: OK
    headers:
      X-Guploader-Uploadid:
      - ABPtcPqq4jZ9SPCzagTW4Nm2R1Kl1gSAZ6dyanadhDIZk1Ki-01sTKxowQzYgMFGK58ZpGncCHHs2F0zPw
      Date:
      - Thu, 25 Apr 2024 23:31:15 GMT
      Cache-Control:
      - no-store
      Expires:
      - Fri, 25 Apr 2025 23:31:15 GMT
      Last-Modified:
      - Tue, 23 Apr 2024 16:38:37 GMT
      Etag:
      - '"43f1e25c084f16749914f83c4cda77ac"'
      X-Goog-Generation:
      - '1713890317497462'
      X-Goog-Metageneration:
      - '1'
      X-Goog-Stored-Content-Encoding:
      - identity
      X-Goog-Stored-Content-Length:
      - '723'
      Content-Type:
      - application/json
      X-Goog-Hash:
      - crc32c=DeFOxQ==
      - md5=Q/HiXAhPFnSZFPg8TNp3rA==
      X-Goog-Storage-Class:
      - STANDARD
      Accept-Ranges:
      - bytes
      Content-Length:
      - '723'
      Server:
      - UploadServer
      Via:
      - 1.1 google
      Alt-Svc:
      - h3=":443"; ma=2592000,h3-29=":443"; ma=2592000
    body:
      encoding: UTF-8
      string: "{\n\t\"signed\": {\n\t\t\"_type\": \"timestamp\",\n\t\t\"spec_version\":
        \"1.0\",\n\t\t\"version\": 179,\n\t\t\"expires\": \"2024-04-30T16:07:01Z\",\n\t\t\"meta\":
        {\n\t\t\t\"snapshot.json\": {\n\t\t\t\t\"length\": 2302,\n\t\t\t\t\"hashes\":
        {\n\t\t\t\t\t\"sha256\": \"794009e5f64d8a67e5a87fa7203cafa12447b97bab7d14ae9fada392b46bc8b6\",\n\t\t\t\t\t\"sha512\":
        \"dee363cca4d3e51a0ee76290a25e422d14b05eeaba859ee6db2ad92c72caf932f61684bda1af366d136980d226c6f03aab1571ee081062a16c3457031505ae7d\"\n\t\t\t\t},\n\t\t\t\t\"version\":
        137\n\t\t\t}\n\t\t}\n\t},\n\t\"signatures\": [\n\t\t{\n\t\t\t\"keyid\": \"923bb39e60dd6fa2c31e6ea55473aa93b64dd4e53e16fbe42f6a207d3f97de2d\",\n\t\t\t\"sig\":
        \"304602210098c329ab4dab127270dd2f56150bdc1ea3c0bee78d6f231fcededa0704b5a37302210095ec5cb338ab53b3b6463c581d0ffd9134d23272572ac9ca69ad3b190041d5d8\"\n\t\t}\n\t]\n}"
  recorded_at: Thu, 25 Apr 2024 23:31:15 GMT
- request:
    method: get
    uri: https://tuf-repo-cdn.sigstore.dev/137.snapshot.json
    body:
      encoding: US-ASCII
      string: ''
    headers:
      Accept-Encoding:
      - gzip;q=1.0,deflate;q=0.6,identity;q=0.3
      Accept:
      - "*/*"
      User-Agent:
      - Ruby
      Host:
      - tuf-repo-cdn.sigstore.dev
  response:
    status:
      code: 200
      message: OK
    headers:
      X-Goog-Generation:
      - '1722357475002934'
      X-Goog-Metageneration:
      - '1'
      X-Goog-Stored-Content-Encoding:
      - identity
      X-Goog-Stored-Content-Length:
      - '2302'
      X-Goog-Hash:
      - crc32c=tdrrPQ==
      - md5=MxUwMt1V1tib21x/Y/XSNw==
      X-Goog-Storage-Class:
      - STANDARD
      Accept-Ranges:
      - bytes
      Content-Length:
      - '2302'
      X-Guploader-Uploadid:
      - AHxI1nPqxbrK7YgZid-YGlj0N65gKOKd_rA-uTqrDrX3xB4k0ARcMRd0d09L0MjwQP5kHgsNlDdAO_iNZw
      Server:
      - UploadServer
      Via:
      - 1.1 google
      Date:
      - Wed, 31 Jul 2024 12:06:04 GMT
      Cache-Control:
      - public,max-age=86400
      Last-Modified:
      - Tue, 30 Jul 2024 16:37:55 GMT
      Etag:
      - '"33153032dd55d6d89bdb5c7f63f5d237"'
      Content-Type:
      - application/json
      Age:
      - '27710'
      Alt-Svc:
      - h3=":443"; ma=2592000,h3-29=":443"; ma=2592000
    body:
      encoding: UTF-8
      string: "{\n\t\"signed\": {\n\t\t\"_type\": \"snapshot\",\n\t\t\"spec_version\":
        \"1.0\",\n\t\t\"version\": 137,\n\t\t\"expires\": \"2024-05-14T16:06:59Z\",\n\t\t\"meta\":
        {\n\t\t\t\"registry.npmjs.org.json\": {\n\t\t\t\t\"length\": 964,\n\t\t\t\t\"hashes\":
        {\n\t\t\t\t\t\"sha256\": \"0d0dce2402aa5edcd117269557f0f42a7a31cd89f481a305d9ef135592915a9e\",\n\t\t\t\t\t\"sha512\":
        \"1f7ba405126482df160d35127937c7ed899b0e2a5b313ecc42044e4d2c0b4aab03c4ada0f07137051735dca33d4bb16f6718cff9e53779381984854ac15f86f6\"\n\t\t\t\t},\n\t\t\t\t\"version\":
        3\n\t\t\t},\n\t\t\t\"rekor.json\": {\n\t\t\t\t\"length\": 797,\n\t\t\t\t\"hashes\":
        {\n\t\t\t\t\t\"sha256\": \"9d2e1a5842937d8e0d3e3759170b0ad15c56c5df36afc5cf73583ddd283a463b\",\n\t\t\t\t\t\"sha512\":
        \"176e9e710ddddd1b357a7d7970831bae59763395a0c18976110cbd35b25e5412dc50f356ec421a7a30265670cf7aec9ed84ee944ba700ec2394b9c876645b960\"\n\t\t\t\t},\n\t\t\t\t\"version\":
        3\n\t\t\t},\n\t\t\t\"revocation.json\": {\n\t\t\t\t\"length\": 800,\n\t\t\t\t\"hashes\":
        {\n\t\t\t\t\t\"sha256\": \"6f60848ba8fb0955a02abfd1232fb3845dc9ee9f418bf03521a7ddb48217e040\",\n\t\t\t\t\t\"sha512\":
        \"a965dddd0d0edef6c59e84cf02ecf5a53299f633fd339b2b61814a4219ab4df672a6390f265b8b29e1c8cea9368ea3440df013790759d50231a30df1c1f02551\"\n\t\t\t\t},\n\t\t\t\t\"version\":
        2\n\t\t\t},\n\t\t\t\"root.json\": {\n\t\t\t\t\"length\": 5297,\n\t\t\t\t\"hashes\":
        {\n\t\t\t\t\t\"sha256\": \"f5ad897c9414cca99629f400ac3585e41bd8ebb44c5af07fb08dd636a9eced9c\",\n\t\t\t\t\t\"sha512\":
        \"7445ddfdd338ef786c324fc3d68f75be28cb95b7fb581d2a383e3e5dde18aa17029a5636ec0a22e9631931bbcb34057788311718ea41e21e7cdd3c0de13ede42\"\n\t\t\t\t},\n\t\t\t\t\"version\":
        2\n\t\t\t},\n\t\t\t\"staging.json\": {\n\t\t\t\t\"length\": 401,\n\t\t\t\t\"hashes\":
        {\n\t\t\t\t\t\"sha256\": \"cda57759abac5375397eea3531d7ca51e3a67da9a2dc93f2cdab749e2ae73149\",\n\t\t\t\t\t\"sha512\":
        \"e9e59587bde453144c7079884a880c706f1d43f26e8bb23fac2b96a99569a2a30ae6cf51ec51c2454f760ce83d4c20915e062aede7f319b3da6a6ed1d26ca281\"\n\t\t\t\t},\n\t\t\t\t\"version\":
        2\n\t\t\t},\n\t\t\t\"targets.json\": {\n\t\t\t\t\"length\": 5478,\n\t\t\t\t\"hashes\":
        {\n\t\t\t\t\t\"sha256\": \"f48d24a391c67370e4da4888f856c7775e4e82171f4970b7b0baba61ede68297\",\n\t\t\t\t\t\"sha512\":
        \"5c06931ca4873ebe5e6b04fa39b7dcd8c02d4e6f61912ae9a0cca6e7c2f1f4ab102871a1f0c08c5deab059b37960d45e78c16aacb8b8790247a5f42aed96f970\"\n\t\t\t\t},\n\t\t\t\t\"version\":
        9\n\t\t\t}\n\t\t}\n\t},\n\t\"signatures\": [\n\t\t{\n\t\t\t\"keyid\": \"230e212616274a4195cdc28e9fce782c20e6c720f1a811b40f98228376bdd3ac\",\n\t\t\t\"sig\":
        \"3045022100d470f6085356c9d62fdee85458bdfd5d0992c8ac220ce85606ff33810b8d937c0220608bda3986f80c44a917ef2d894c4d6af3b07ae7b4578af1cd050e3e32d6ec86\"\n\t\t}\n\t]\n}"
  recorded_at: Thu, 25 Apr 2024 23:31:15 GMT
- request:
    method: get
    uri: https://tuf-repo-cdn.sigstore.dev/9.targets.json
    body:
      encoding: US-ASCII
      string: ''
    headers:
      Accept-Encoding:
      - gzip;q=1.0,deflate;q=0.6,identity;q=0.3
      Accept:
      - "*/*"
      User-Agent:
      - Ruby
      Host:
      - tuf-repo-cdn.sigstore.dev
  response:
    status:
      code: 200
      message: OK
    headers:
      X-Goog-Generation:
      - '1722357623562547'
      X-Goog-Metageneration:
      - '1'
      X-Goog-Stored-Content-Encoding:
      - identity
      X-Goog-Stored-Content-Length:
      - '5478'
      X-Goog-Hash:
      - crc32c=1IyUjw==
      - md5=I2gJ/v5hJ+8XmLwJTXe4wg==
      X-Goog-Storage-Class:
      - STANDARD
      Accept-Ranges:
      - bytes
      Content-Length:
      - '5478'
      X-Guploader-Uploadid:
      - AHxI1nMf4CFCIiBYu2KSWDNyMjD549M6GBeuL_9dEvwVWqCMTXZpHwJygkDoUvkETWArpbZgof2dl3GHnb_EYHQ
      Server:
      - UploadServer
      Via:
      - 1.1 google
      Date:
      - Wed, 31 Jul 2024 16:45:41 GMT
      Cache-Control:
      - public,max-age=86400
      Age:
      - '10933'
      Last-Modified:
      - Tue, 30 Jul 2024 16:40:23 GMT
      Etag:
      - '"236809fefe6127ef1798bc094d77b8c2"'
      Content-Type:
      - application/json
      Alt-Svc:
      - h3=":443"; ma=2592000,h3-29=":443"; ma=2592000
    body:
      encoding: UTF-8
      string: "{\n\t\"signed\": {\n\t\t\"_type\": \"targets\",\n\t\t\"spec_version\":
        \"1.0\",\n\t\t\"version\": 9,\n\t\t\"expires\": \"2024-09-12T06:13:15Z\",\n\t\t\"targets\":
        {\n\t\t\t\"artifact.pub\": {\n\t\t\t\t\"length\": 177,\n\t\t\t\t\"hashes\":
        {\n\t\t\t\t\t\"sha256\": \"59ebf97a9850aecec4bc39c1f5c1dc46e6490a6b5fd2a6cacdcac0c3a6fc4cbf\",\n\t\t\t\t\t\"sha512\":
        \"308fd1d1d95d7f80aa33b837795251cc3e886792982275e062409e13e4e236ffc34d676682aa96fdc751414de99c864bf132dde71581fa651c6343905e3bf988\"\n\t\t\t\t},\n\t\t\t\t\"custom\":
        {\n\t\t\t\t\t\"sigstore\": {\n\t\t\t\t\t\t\"status\": \"Active\",\n\t\t\t\t\t\t\"usage\":
        \"Unknown\"\n\t\t\t\t\t}\n\t\t\t\t}\n\t\t\t},\n\t\t\t\"ctfe.pub\": {\n\t\t\t\t\"length\":
        177,\n\t\t\t\t\"hashes\": {\n\t\t\t\t\t\"sha256\": \"7fcb94a5d0ed541260473b990b99a6c39864c1fb16f3f3e594a5a3cebbfe138a\",\n\t\t\t\t\t\"sha512\":
        \"4b20747d1afe2544238ad38cc0cc3010921b177d60ac743767e0ef675b915489bd01a36606c0ff83c06448622d7160f0d866c83d20f0c0f44653dcc3f9aa0bd4\"\n\t\t\t\t},\n\t\t\t\t\"custom\":
        {\n\t\t\t\t\t\"sigstore\": {\n\t\t\t\t\t\t\"status\": \"Active\",\n\t\t\t\t\t\t\"uri\":
        \"https://ctfe.sigstore.dev/test\",\n\t\t\t\t\t\t\"usage\": \"CTFE\"\n\t\t\t\t\t}\n\t\t\t\t}\n\t\t\t},\n\t\t\t\"ctfe_2022.pub\":
        {\n\t\t\t\t\"length\": 178,\n\t\t\t\t\"hashes\": {\n\t\t\t\t\t\"sha256\":
        \"270488a309d22e804eeb245493e87c667658d749006b9fee9cc614572d4fbbdc\",\n\t\t\t\t\t\"sha512\":
        \"e83fa4f427b24ee7728637fad1b4aa45ebde2ba02751fa860694b1bb16059a490328f9985e51cc70e4d237545315a1bc866dc4fdeef2f6248d99cc7a6077bf85\"\n\t\t\t\t},\n\t\t\t\t\"custom\":
        {\n\t\t\t\t\t\"sigstore\": {\n\t\t\t\t\t\t\"status\": \"Active\",\n\t\t\t\t\t\t\"uri\":
        \"https://ctfe.sigstore.dev/2022\",\n\t\t\t\t\t\t\"usage\": \"CTFE\"\n\t\t\t\t\t}\n\t\t\t\t}\n\t\t\t},\n\t\t\t\"fulcio.crt.pem\":
        {\n\t\t\t\t\"length\": 744,\n\t\t\t\t\"hashes\": {\n\t\t\t\t\t\"sha256\":
        \"f360c53b2e13495a628b9b8096455badcb6d375b185c4816d95a5d746ff29908\",\n\t\t\t\t\t\"sha512\":
        \"0713252a7fd17f7f3ab12f88a64accf2eb14b8ad40ca711d7fe8b4ecba3b24db9e9dffadb997b196d3867b8f9ff217faf930d80e4dab4e235c7fc3f07be69224\"\n\t\t\t\t},\n\t\t\t\t\"custom\":
        {\n\t\t\t\t\t\"sigstore\": {\n\t\t\t\t\t\t\"status\": \"Expired\",\n\t\t\t\t\t\t\"uri\":
        \"https://fulcio.sigstore.dev\",\n\t\t\t\t\t\t\"usage\": \"Fulcio\"\n\t\t\t\t\t}\n\t\t\t\t}\n\t\t\t},\n\t\t\t\"fulcio_intermediate_v1.crt.pem\":
        {\n\t\t\t\t\"length\": 789,\n\t\t\t\t\"hashes\": {\n\t\t\t\t\t\"sha256\":
        \"f8cbecf186db7714624a5f4e99da31a917cbef70a94dd6921f5c3ca969dfe30a\",\n\t\t\t\t\t\"sha512\":
        \"0f99f47dbc26c5f1e3cba0bfd9af4245a26e5cb735d6ef005792ec7e603f66fdb897de985973a6e50940ca7eff5e1849719e967b5ad2dac74a29115a41cf6f21\"\n\t\t\t\t},\n\t\t\t\t\"custom\":
        {\n\t\t\t\t\t\"sigstore\": {\n\t\t\t\t\t\t\"status\": \"Active\",\n\t\t\t\t\t\t\"uri\":
        \"https://fulcio.sigstore.dev\",\n\t\t\t\t\t\t\"usage\": \"Fulcio\"\n\t\t\t\t\t}\n\t\t\t\t}\n\t\t\t},\n\t\t\t\"fulcio_v1.crt.pem\":
        {\n\t\t\t\t\"length\": 740,\n\t\t\t\t\"hashes\": {\n\t\t\t\t\t\"sha256\":
        \"f989aa23def87c549404eadba767768d2a3c8d6d30a8b793f9f518a8eafd2cf5\",\n\t\t\t\t\t\"sha512\":
        \"f2e33a6dc208cee1f51d33bbea675ab0f0ced269617497985f9a0680689ee7073e4b6f8fef64c91bda590d30c129b3070dddce824c05bc165ac9802f0705cab6\"\n\t\t\t\t},\n\t\t\t\t\"custom\":
        {\n\t\t\t\t\t\"sigstore\": {\n\t\t\t\t\t\t\"status\": \"Active\",\n\t\t\t\t\t\t\"uri\":
        \"https://fulcio.sigstore.dev\",\n\t\t\t\t\t\t\"usage\": \"Fulcio\"\n\t\t\t\t\t}\n\t\t\t\t}\n\t\t\t},\n\t\t\t\"rekor.pub\":
        {\n\t\t\t\t\"length\": 178,\n\t\t\t\t\"hashes\": {\n\t\t\t\t\t\"sha256\":
        \"dce5ef715502ec9f3cdfd11f8cc384b31a6141023d3e7595e9908a81cb6241bd\",\n\t\t\t\t\t\"sha512\":
        \"0ae7705e02db33e814329746a4a0e5603c5bdcd91c96d072158d71011a2695788866565a2fec0fe363eb72cbcaeda39e54c5fe8d416daf9f3101fdba4217ef35\"\n\t\t\t\t},\n\t\t\t\t\"custom\":
        {\n\t\t\t\t\t\"sigstore\": {\n\t\t\t\t\t\t\"status\": \"Active\",\n\t\t\t\t\t\t\"uri\":
        \"https://rekor.sigstore.dev\",\n\t\t\t\t\t\t\"usage\": \"Rekor\"\n\t\t\t\t\t}\n\t\t\t\t}\n\t\t\t},\n\t\t\t\"trusted_root.json\":
        {\n\t\t\t\t\"length\": 7014,\n\t\t\t\t\"hashes\": {\n\t\t\t\t\t\"sha256\":
        \"4364d7724c04cc912ce2a6c45ed2610e8d8d1c4dc857fb500292738d4d9c8d2c\",\n\t\t\t\t\t\"sha512\":
        \"fdebade075c4840d40f1806a14d0660ae1d22f47c0516abc4141e09f4ddf6ee6f4dbfbf08a7025bea10a4b8794658a4cd8ebb1024b963f239a9bfe02c2057fc6\"\n\t\t\t\t}\n\t\t\t}\n\t\t},\n\t\t\"delegations\":
        {\n\t\t\t\"keys\": {\n\t\t\t\t\"3b60e337a003f0465d881e34051b1350f0041b931bd68d95ce2066c81d36de1b\":
        {\n\t\t\t\t\t\"keytype\": \"ecdsa\",\n\t\t\t\t\t\"scheme\": \"ecdsa-sha2-nistp256\",\n\t\t\t\t\t\"keyid_hash_algorithms\":
        [\n\t\t\t\t\t\t\"sha256\",\n\t\t\t\t\t\t\"sha512\"\n\t\t\t\t\t],\n\t\t\t\t\t\"keyval\":
        {\n\t\t\t\t\t\t\"public\": \"-----BEGIN PUBLIC KEY-----\\nMFkwEwYHKoZIzj0CAQYIKoZIzj0DAQcDQgAEoLrh0jmOfHWLwsyo/4oGbldF91WV\\nfXvxVlDhW8fZwP/3vTnliBkDp5sH8/Dpm1SBOHkqENVt1+4Un/sFtl2zAQ==\\n-----END
        PUBLIC KEY-----\\n\"\n\t\t\t\t\t}\n\t\t\t\t}\n\t\t\t},\n\t\t\t\"roles\": [\n\t\t\t\t{\n\t\t\t\t\t\"name\":
        \"registry.npmjs.org\",\n\t\t\t\t\t\"keyids\": [\n\t\t\t\t\t\t\"3b60e337a003f0465d881e34051b1350f0041b931bd68d95ce2066c81d36de1b\"\n\t\t\t\t\t],\n\t\t\t\t\t\"threshold\":
        1,\n\t\t\t\t\t\"terminating\": true,\n\t\t\t\t\t\"paths\": [\n\t\t\t\t\t\t\"registry.npmjs.org/*\"\n\t\t\t\t\t]\n\t\t\t\t}\n\t\t\t]\n\t\t}\n\t},\n\t\"signatures\":
        [\n\t\t{\n\t\t\t\"keyid\": \"3c344aa068fd4cc4e87dc50b612c02431fbc771e95003993683a2b0bf260cf0e\",\n\t\t\t\"sig\":
        \"30440220764f1edad367a55d340eb7a97c0c8f847c47fa3fd05cadf3e246ee8ced7e504002200ebe44b01d6f59a348041c3845dda0980754893ddc1a9c8bfaa98e6b1f0b4627\"\n\t\t},\n\t\t{\n\t\t\t\"keyid\":
        \"ec81669734e017996c5b85f3d02c3de1dd4637a152019fe1af125d2f9368b95e\",\n\t\t\t\"sig\":
        \"304502202d4955e47ab4a6ba6aaaa372bf50084e3cea0149da09f28807285fa306af38ae022100947cb4f41332f3f3215b78ccb897177e122f3de7e682ac19f8f3c835bbdc75f4\"\n\t\t},\n\t\t{\n\t\t\t\"keyid\":
        \"1e1d65ce98b10addad4764febf7dda2d0436b3d3a3893579c0dddaea20e54849\",\n\t\t\t\"sig\":
        \"3045022015062f271a9cab84d5ffdbf878a42a4fc0754c1fa91822e38242af3546eaada8022100f0d766d4aca8ba675cf0b715104b765f81b4772cb53915db253fc437980e9e76\"\n\t\t},\n\t\t{\n\t\t\t\"keyid\":
        \"e2f59acb9488519407e18cbfc9329510be03c04aca9929d2f0301343fec85523\",\n\t\t\t\"sig\":
        \"3045022100cccbbbfa8a87a648f6cd18f881b6643bb2fcb5f812678af5f1ed676e574eae3902200faaf1083c5bc95471ba6d1c7da1d7fcbabfaa32cdc27c215ef9b58b4c3d41c0\"\n\t\t},\n\t\t{\n\t\t\t\"keyid\":
        \"fdfa83a07b5a83589b87ded41f77f39d232ad91f7cce52868dacd06ba089849f\",\n\t\t\t\"sig\":
        \"304402203161c4a74acc63ea50af6f78e32248366bad10d823fe38ca190780ca70cf1124022051dd0734f33253304a814e10e0387a82770ee6905ace85c03b645df1109a6b38\"\n\t\t}\n\t]\n}"
  recorded_at: Thu, 25 Apr 2024 23:31:15 GMT
recorded_with: VCR 6.2.0
